        |        | 
     4549 8.89E+04 top
      286  6234.73 $paramod$823999466288c90fc66a121a247ad477cc27bb8d\async_fifo
     3937 7.91E+04 $paramod$b40cd9881f7aa1afa74c23f1d20f32b69c5c58b9\mem_model
       58  913.376 $paramod$cd13ee327eebf399a5470d758b442c670a800fff\write_ctrl
      267 2.64E+03 uart_rx

        +----------Count including submodules.
        |        +-Area including submodules.
        |        | 
     4698        - wires
     4698        - wire bits
     2472        - public wires
     2472        - public wire bits
      155        - ports
      155        - port bits
        -        - memories
        -        - memory bits
        -        - processes
     4549 8.89E+04 cells
        1    8.758   sky130_fd_sc_hd__a2111oi_0
        7   61.309   sky130_fd_sc_hd__a211o_1
       14  105.101   sky130_fd_sc_hd__a211oi_1
        4   30.029   sky130_fd_sc_hd__a21boi_0
        3   22.522   sky130_fd_sc_hd__a21o_1
      244 1.22E+03   sky130_fd_sc_hd__a21oi_1
       33  330.317   sky130_fd_sc_hd__a221o_1
       44   385.37   sky130_fd_sc_hd__a221oi_1
       10   87.584   sky130_fd_sc_hd__a22o_1
       15  112.608   sky130_fd_sc_hd__a22oi_1
        3   26.275   sky130_fd_sc_hd__a2bb2oi_1
        3   30.029   sky130_fd_sc_hd__a311o_1
       12  105.101   sky130_fd_sc_hd__a311oi_1
        4   35.034   sky130_fd_sc_hd__a31o_1
       29  181.424   sky130_fd_sc_hd__a31oi_1
        2   20.019   sky130_fd_sc_hd__a32o_1
        3   26.275   sky130_fd_sc_hd__a32oi_1
        1    8.758   sky130_fd_sc_hd__a41oi_1
        4   25.024   sky130_fd_sc_hd__and2_0
       10    62.56   sky130_fd_sc_hd__and3_1
        2   17.517   sky130_fd_sc_hd__and3b_1
        2   17.517   sky130_fd_sc_hd__and4_1
       26   97.594   sky130_fd_sc_hd__clkinv_1
      105  2627.52   sky130_fd_sc_hd__dfrtp_1
        4  105.101   sky130_fd_sc_hd__dfstp_2
        8  160.154   sky130_fd_sc_hd__dfxtp_1
     2176 6.53E+04   sky130_fd_sc_hd__edfxtp_1
        3   18.768   sky130_fd_sc_hd__lpflow_inputiso1p_1
       35   218.96   sky130_fd_sc_hd__lpflow_isobufsrc_1
       49  551.779   sky130_fd_sc_hd__mux2_1
      168 1.68E+03   sky130_fd_sc_hd__mux2i_1
      436 9.82E+03   sky130_fd_sc_hd__mux4_2
      252  945.907   sky130_fd_sc_hd__nand2_1
       18  112.608   sky130_fd_sc_hd__nand2b_1
       24  120.115   sky130_fd_sc_hd__nand3_1
        6   45.043   sky130_fd_sc_hd__nand3b_1
        5    31.28   sky130_fd_sc_hd__nand4_1
        3   26.275   sky130_fd_sc_hd__nand4b_1
      404 1.52E+03   sky130_fd_sc_hd__nor2_1
        1    6.256   sky130_fd_sc_hd__nor2b_1
       25   125.12   sky130_fd_sc_hd__nor3_1
        6   45.043   sky130_fd_sc_hd__nor3b_1
        5    31.28   sky130_fd_sc_hd__nor4_1
        1    8.758   sky130_fd_sc_hd__nor4b_1
        2   20.019   sky130_fd_sc_hd__nor4bb_1
        4   40.038   sky130_fd_sc_hd__o211a_1
        9   67.565   sky130_fd_sc_hd__o211ai_1
        8   60.058   sky130_fd_sc_hd__o21a_1
      165  825.792   sky130_fd_sc_hd__o21ai_0
        1    10.01   sky130_fd_sc_hd__o21ba_1
        3   22.522   sky130_fd_sc_hd__o21bai_1
       11  123.869   sky130_fd_sc_hd__o221a_1
       33  289.027   sky130_fd_sc_hd__o221ai_1
        6    52.55   sky130_fd_sc_hd__o22a_1
       20   125.12   sky130_fd_sc_hd__o22ai_1
        1    8.758   sky130_fd_sc_hd__o2bb2ai_1
        2   20.019   sky130_fd_sc_hd__o311a_1
        6    52.55   sky130_fd_sc_hd__o311ai_0
        1    8.758   sky130_fd_sc_hd__o31a_1
        5   37.536   sky130_fd_sc_hd__o31ai_1
        3   30.029   sky130_fd_sc_hd__o32a_1
        1    8.758   sky130_fd_sc_hd__o32ai_1
        1    6.256   sky130_fd_sc_hd__or3_1
        1    7.507   sky130_fd_sc_hd__or4_1
        1    10.01   sky130_fd_sc_hd__or4b_1
       33  289.027   sky130_fd_sc_hd__xnor2_1
       21  183.926   sky130_fd_sc_hd__xor2_1
        1   23.773   sky130_fd_sc_hd__xor3_1
        4 8.89E+04 submodules
        1  6234.73   $paramod$823999466288c90fc66a121a247ad477cc27bb8d\async_fifo
        1 7.91E+04   $paramod$b40cd9881f7aa1afa74c23f1d20f32b69c5c58b9\mem_model
        1  913.376   $paramod$cd13ee327eebf399a5470d758b442c670a800fff\write_ctrl
        1 2.64E+03   uart_rx

   Chip area for top module '\top': 88881.494400
     of which used for sequential elements: 68235.443200 (76.77%)

End of script. Logfile hash: 131cb085a0, time: 3.01s, user: 0.82s, system: 0.14s, MEM: 71.88 MB peak
Yosys 0.66 (git sha1 86f2ddebc-dirty, g++ 13.3.0-6ubuntu2~24.04.1 -fPIC -O3)
Time spent: 68% 2x abc (1 sec), 6% 2x write_verilog (0 sec), ...
